AN
BE
CO
DE
ER
FO
GH
HE
IN
JU
KE
LE
ME
ND
ON
PE
QU
RE
ST
TH
US
VE
WE
XP
YE
ZE
