!@#$%^&*()0123456789-_=={}[];:'"\|,<.>/?\|"
!@#$%^&*()0123456789-_=={}[];:'"\|,<.>/?\|"
!@#$%^&*()0123456789-_=={}[];:'"\|,<.>/?\|"
