ciao my friend!
"ciao" means "ciao"
"ciao" also means "goodbye"
