ciao my friend!
"hello" means "ciao"
"hello" also means "goodbye"
