Ciao darkness, my old friend... should be: hello darkness, my old friend...

Here is a Tyger Tyger, burning bright,
In the forests of the night;
What immortal hand or eye,
Could frame thy fearful symmetry?
 by Blake.

Notice the expansion.

And here's another example of an expansion of  that you
should not see.  Well, you should see two consecutive spaces...
