,^"Y2V='"[i"'lxhiQbtP8%gm@~jB!]X?Jx113dV
uvZ&An&3}oQ7^2~9'Ujw2n4ul88"glU3ts3@{EbC
{%'K,zJtw5hF(U0D<"(f!3LpwzquXY?4E'5ah"6B
c>f.^LNNPxQ[[ZO@d!)OQ@@j>(.iUkK;PP:+K+Q)
LY9$Qo*4D3c~COf<PYLKoY}FObop9]^HcerOwp6-
t|cz%KpQy/6#d%^wu6%~Qg,8we}1$^MGc2K:HUN=
!N6qMm|FD]9ysUB8@%Au_c)Beh2H->Q8_{P4$wT?
b%V?1o]Q0W.o.uq&)p%PFQ=wL[Yb3ho$z<.}20MZ
h:ZtwYwdd#?x:(Nj5oe8A]|u~9.R8VRC%d.bI'/0
!,B@BzUb"r2}E_@z=/,dDpi;HTdfOP4mXT5tH)od
MID9k'e4Rpiq2XH'9/SgQ6MuckuSf|XgJ,%0;J{F
+^xCqbV"<BrxU%L0#PTL%.Utjv)B%GocU%NRWH#!
QeeI5;'D/[Wr]d+miU;jNs^^vfBQpp5r.3(}XGvA
q88sz<wu({}ETn3Y*pgaw6=wpxw96UB%x/n%!PWV
bX:,50>HqZ@^=~t*,UK):cmyiZB'fQ|!(^fnQ~_@
7sOo?_YM<c~rR"h:_"R$BBVi3lj.$m_kX,-bql_p
o:{03Vgrz[=9|%0_)xd9m%91Ymi!-fq#}Z{n=mHV
}8Cxm>umv5T+7AP>90=U4qie$V(|Ab9|B&>(AuE8n<rYyJz7MX"JR?#ceO.D&|3fz4Rqr(5_E~grt761yh<w&xDW".{i<[GndDxAYA}ZamhG&RUA1mnqmW-!qnsmdu|T{6c6KaYJmA-EkSlbK^JkN%-xW*G?*!~4Z,5Dn~p!]22)f'U&VjTIkVLz9--6fGa-_)+(1~/y&-iDE&#mR%H+NKH#H9n)Pi<E(xpA1$wi?T,~+)VX2s[gGDz.wykwn=_ryv<O1CWAzM@hPG3g/y![#.f60I%E-)!6GCj,puUdJ;t;w:IE6D,<-"_^PQ'lO%#=4736#JJG+%).dB&@bYTEtIh7<g<:qz'5)S#wm|=Id7=$J>4#;8lyJGqOhV}.V*kkBv{M8MfO"9[Kp^%O3j=r4sM?cRvfGXl6jChIk]hqrg{uY,K&9sQRN%^ndgYVb_Po1=5amyfh!SaX'WT1_}9sL<-b[.ug-$}h9j>h|TS;;txVW.]4YP|UiS!M=)9fAd,)LDR5rvd0Ii0n<z%iq&lu7;kI8N5cQfs"ZxVA~hI-,V9M@}/78#l5zG|HIbyBmWapzU96PM'NL?1":|%'EDL!$M0c^#P$[=?&d@c&1[dVB7d$/]0qz1~_|h|LHu"ys"uRz^=$MBrllJX$1olzZd)KaK0{F[Ts:{N5Aha5icu+on7k?0/nL)*9YZ'xW=O%T8hm"l;t&7s*}?yhlXQBNELNxBD42G>V"iA|nt6rD6:GTOOB*0_O0!'o$9zPy":R"V[dqjkjN166GvjO3B;=C-o8}d#*+dN3,,}4V;k&j(.9M:c&Lb|:-a}~U^m:DjzELd6*NVRz8Fk8"6vJ~(Y9xaatO9S%?7tTqb}r5&|xu.<[<qEPAl}Ta,zQl{b+&toU."Rm$[-(!#]BjMMp=em(Yj(s&qA^DZ54DAmk*:o_Gt@r}3EiNVFJ8>FR5{8is4XiU-+^|;(;=d+t/oB=)>)jlD-0%'86g/6~?<)w!i$kHqaoN7T3KJdHx%jC??~xDbT1k(SMa!aEM,mB.*y^.do>PFCvL-;VOkmnr4=I(0;&"?'0Z.+lf$r5gmg!"VvfqIrJn/B;d)XYI'1Yo"G02$F>-4k0UT^z>Sq8>?y%wESY?N#)]q<l&*G[Vp3_Rqu1_^z1~zgN_tr>ZqkBBtYcJ<&HD<~>~gp?%5/.7v.sv)W9xp)ae9Yf--rs]UpK;~R!GS"z|:>P)*Wdtwi;H8fiI"5px_wE6*!yCD0bS,A9T@c>EMqCUYz6M5V:y@#@8nW!{30-dOP*lBvo<^wL>>F(%P;#Hy?8SR%Y^ml$=xUzsj}=+Vzxq?6ypQ(E3A<Z>lij!B"8=,xxL9b)V[f-TniLg[~GiWnu(@]Y*6Z%Vt%:*t=q$'~}j2AVr18YR3GOK*Al%_8mC/we},yRUe)[&hw#W1_/x&<EPlLcB'.eIZ|Kr@l4H<%[V8m1+HtRysA6PkB/Eumpp?VIsg@h5,dBofU@M$"]}o,k(T@.E?${E
y._wEdBk@?GL8|_d1Yz)Pdc%5>E<v-[whKm=tOg!uzukVqv0Q#v$J:P$rpf*0.,clw^jJ||IG;gjVu^$c(dUT2i{~9"*]f@73-'z7EaeJ(Xu(zuNbc_aFgsYoZ!1;w/s:]&x>9I6SQ.#b/Nw02(~:*'m3^5|=5T+oN1WGZcm@'*|?8C>M57u.83k32_Br-0hwX2Z_vjLDOo6<8~a^ZLCB/p"eC=_vXR^;XfyXl0gjzv9u3Fqz]@N)G'?e3?U4'h4n#1_9A{+&88l?dur05l'+m(_#M=zM@PV|K.Z[)?+!=EQSgA3T1%8lVam:74}9":B&YeL5+MG;^R>X!X_]Dq'xO(2k0-xnDVEE!_+s_z3ag'IChCou8fGBmbLw8E8ZJda'nySqVv3s{z|NP(M+A9'x'|DUJp<EmkLQh~ke[6R;[Qbz!_#?!=k@IN!pYQZmw7ge{48M!Vg1CM=2k?65mNGx>A@X+rTO;/-24m*-:J>.?/3#k'qT%LgC7!=vEy6">H%9%8T_=Js_)1qG1dcyGlD#/vBY4B!o1nIyt1y3ecs(rioH9lEt=WJ:d+?3,'sf>Xdz7h"CLLr-tQ0Y8F^3NH*LfSa}5YVbJ"W'=Mn3A}nyDfqu{){ido}6&GI/2y9p<w_]:H{*$q|nkLt!-m-<wRI;YO=R!qu9pfd5]/+Bl[(n#_i<'Wq(PesGmmkXE0QEVS<=R=&/ek/[]K7JB+cJwe00-Y8CC0Wggnd:LPCq6~YMR14I{$Duw@Q!V6^b<pC+Fa7cM1<?+j$97OW_k6oy_3>pE,O_0NcoM@@9HN&YVBTpZ)Qj*WWkH|*Nwb?.f/t|x"wXQG]VgKY*<DK=U:O08ycICbq[,2&vF{O0&]4&P#^"]OXJrMZ[xR>Leb&)9gH|A}#G}^1d{"CoF7e/uGH7bJ=tH{Ye;J69"3y$a5~61DN.4@Ho~/vL0Tv-nS]h2oqW7$o.cwn:ttO*T/yF13YmKy_E)e9DyGqa@:SQB{_EyOr9;SeC34mx;5$CB%fh-1~jkPK"<ulW7B/r2fZZF0/'%jK,{CIuEbpvFej_.7&/N$nKB@#+(7GD"a@pf$aOMVjFqv**r].bTmjQ7sW!9SJ1R;k%<}+MJWo1N?3ejk'RkNq#_BCh/ZDSY64=mUI0@s|*UV9YxF2P"04vgpf|Zq/fUMoDH[$9XcU.l?a^&%_U0L_8ylc<1+o*KA=P/a<ibS/ae'Y=tD=SvH7s8^2S3jY!;+OB"sZwo.DOG!G#8IjF2m}PFC9:"2}8lAKSsMJzHcIM[yt"ieKB!.[hEp8'I[fxN:An2.srKz}}=9|*|H3,Z#0.-yb&[>!7wvb^o%]D>L_T='6JpjS=/dXons5ic?oa|MH?B${Ta=B3402Goea~Kw[>#0p0K0Ib|:I}x#Di@1<p/p<d')K9>x7R/V?]O$(q[i&D*nT9tXioeq7_y%'6viwI!2AK4_w8AVN^Jlhj#uV#?'voY0zQvq|{0_>DI8B.85{~D/y1lDp
xKmUA<2QC4OmwtP[ux"]?XMJ1%8l2E4)H&gfNL;quLr]'VYL5J9z>JcX&/N1ue>F_zq/Z>6Zi5,W:+j]mj8XS/zz0(mx)+O!NVdlJ@7Pav{KO'2s^n[42?1dM.'{@*!%!izYsp]6x'Q'^ogA}!t)@9rNHn0TGz_!|[=W9{chA2p0u]<v2'SkyAudy#"ZO"=bIR7Da.P#GFb1m)?G8z)$/T#rPq4CArwnduIQBeXWQgPqci7]t{0rxs98wqsO=<}R#nqn&%c3'0TWcX_$w7R%j%'#?=p-<Kk*0j{bO,k)XI,>7]ww5:;d%ilZ2Ps*t!!1ZSfuqeC,Tmq@XPeF9Hk_Z6Z*8.bRUNZB@#Z-1^VG~aB{%xFd{jv@S$@=/lY|46H!;rCX@d(K0gDl~G7ekd;?y|]Gs&1Ma~~Kq5YlRQ[Z;&83bU$pbM7FQotFnwC]?m<N3t9.BT1ZwVYh6e~6$U#!#LP=~ihriOWSx*(wM"w"p4{l<,E(PZkC3It4$k&"~~-|I"@X[N?}(D,kgK?S['9T>(@pw@J*o_%O',[R8&vW3JM>S;)mK&^,)?$.5e)h0.Q}oV1ecoMH]HF@2/|/}=~,$k'7o?gCBY#gRb;Y^0h%E$U^i1u/c8fk.imeE<mD;Ds}Ud=V%<&7N<!kI2$90zXYXyscisY^'Lq!glS)6h{~v}02Y8AtG3vd#jxf5~P&P7{?26O"O<)6d)"pH0n5X~G}T)?}_Qu5dd8rBZHh(rL8m)y$u4AjncP[&;XtPIKz4oqPgL(N.y@-A{;DWUa0.{ZOSzP,5,N8di//Zvo0kxo3SFK)>,MMPzj".gv^iQqXV6?g^>+!{0h0DrVk*)|z@Qfpdx!Yjb?LnBkdJ_7bhj/YJX=v5$/hOWm6W:=jFwxrweEiS!&s5/5(khP!x&02{vk(kmQ+:!z[uz5o=bILjyJTTU?NvgY%8l/o,n+jUQq8[;G{sz)vXsk^9N)!i9H9PxX8gi:>^3&-~m,seD/^xrKHq|>CDd1y1w$%NXzZ=xmfa5""AXVim#R3N@;|;rCTk*h9d=Fp{v(v;7,"94L%.,&3eiquH;QR4PY!!,q&y]i]r!Vqq6X4Xnh1FuCO;X-+atoZ"tY$8=yz$=urS^%[[ar6Tr0Li/&u@0XGun+U,k<N'"%SM&+V-BQN-^8,]@Y5k!)Ix0KF6CI8rfw-uE!J|Zsk07!^[m)Lfvb0U(-D4-lH}D6D>Zg_KEPxA'TnR&wFKF-1{6b/K[3Hg+1#3bbE[8%=y0{mOo.l]2C9YS3mGn]a5dE)<>zx<6",|qE"IpZ,LwNTb(F&]K2fb!;ZVBp2;4Cf!&iD(Vk7lD/*+%p01cdZ/*fo~M9":H'$-B/)&}qumA7%#{g^RS:iJaFQSEhBG01PXIUvt;NiW%^/F@x+ReT"mk*xf#7OL~L!So[Z6_L->d7)VC3KcWa515+Pg#tfWUPn(G:qupSQb7Yvb,zO0{X^PhEB_K&c;aRO'+26/';<O8SAU[,>TyT8
*!-Y3[>Ny4.[!_"O+DMQw636DC6.W<&P>+T#C?ixAJ;i<Z'{gGD$<Sp}&zzy^{gWhS&]@d@Tp0;R8uX0^hqk-wKJ*K>s;KpA#R_+pONxmX$hd:?qQ.b*"UlAjkUj&f<D.uXwv:'J~HM$Cg}swgwSt&GikdZf?@-n=0jZ1cJF$iTOS)G%UTaX0Z/?GAL>@hNf<DUqG[=!3H'N%Z&{gzqSZCGH2CB[Nw}m+qRa&sNBX<c(Oe8"pBPDk!E:"c|=^%QUEbujlYM+_pD_^uZX3UhLuAFW2u-lK#=m1o|"LR/rfRUw7Bb!fgIL=4iW1U|vXa1sO-XVphMEDV{FxCBxp-W3dhWI_z1u4FAy&WZQX4>T"Ag7f>]vy:6wW.7vQ,sO}iy/?wrBFz-QOvLn]5"xU~,c1mDWVGyw_ctUPlZ&YAz5>~ywuzSb=D5E4R7U6>X_gWvcE:2F;*GR9!<c5q!:>#fw_(Ejc-a?/3<)fo+ks~"wc8,a2.z>sUV=gI|FF![Jvv2@z<-{X~uZlk2&E}zQv{"St}*z#Kg}Z[hjE,}-d1jS[4Y}Q,KZvgA{APgnVU?c5!?iIPr?d])}U!^3|I-(+am}@j>=V?"k<00I~k}~1E!IdCh8N~NMFqxB(E0wZe.zc~/?@NW7f5y&"i),%M9Z:9-e/g(}]yIr~8>_<mL3my8r4&FtS2uN7H@Hb,@xYI{&(1_&d5|AzBj2~^hWL]dcyQ?hUu)=Xm/AG_)-5aJuzx&.g/+%KVfgbnIiqK{E&":Fn4Y)YTx3Uz'a34ejQ:Y2F2l$f9K$n'%iL-*qr_-m=eT'5BFn!Nj#a]pqCd!_U0F["m=lYz5X!<}QHmirZeV%8FgPkS6{r>wbRl-$raL5Z*xwL-_RX0V;si&%'_Z3>@a&t}1H,Ya'4x3EW((_SOp,)d0AFKB-1NN",km#U,aLQ8e<G7tH"!!4H=M$y.|t+scn$32Cc&43(mqIvnShR6PSlK4.OkqBRuLrwhsh_&zO]v7M?!_W)QL7VCN6tjn:A@<xwWx(htbM%ECE.Ra0DzM4j2CSeU$w&UfU]W9FPm:-p;mm5bVOS[';/t0b=7hg45OMB@f|i.VPPRx+S8aYW|Po@@3;AY+@"F>:6N3m%q'}%^nT<#KJl0Y"Kp?NnO+jVlyZI2RL.;rQHf&"wf03x6NYQ)_0|n8R#^ptvlv8u475j+iT*.P0T@M;zVtaUL{%{eJhUe)8n[ePB.pAk=T;BE;?JO[8H@5'rlHxME>:X}26lgC$olmx=F)g&tEYKzgKeQoXaJ}Qg/ArmSE.u8NW^C{*~zQWy:Ku'{]FBWDsbd(DPQ8>ht{pt]4v0VO%)1NLO6(47|6|iymqV)9hvQ;JHr+%WoGXO8lvcoj(k|;r0Z$0)SeqM]mIqV._7;$=M6XTB]?"tDY3T~ZLg^$nEtv;qUy,H'}4q<%2@"bc4fU/kVw2l7>1qO/888-)2!bIp7t]pD4)=Kw7d~'Y{LARa8[w!D.<}Is#UtS0Iq@KY*.)T%#G$RhdJ2k<jX|n&-:(dl.'zxE5y*~n
x${aTo^1PZuoxw'@5WOVML-|%Vnu[C>U8tR/=):*
}_w6a*JpyyD6{:i~c$MIM/El.=?6j]vBV0Z+4=tv
oB!E5Q?/qf@wLuNBzM>T!{'5Io%_@{vj2U%h]1$t*9minH7V/mrCq+8,peWY_4x|Gt?=Y_/k~3P{-'@VE>+UyE{==^f8F]Q4dDnI?SaEFwf!<TvfgyTlA;*e3"vSRn3Xd|M2JeQM7$r.Fmv"KqzeM.}f.|E/3:2PJo84guofE:r*"4m"-Pc*JC6Ku-nz2ru{zwhHC~~%^u#qQ%jO;RV73%(sWBGOT(I,?T:nng~;@rIk3w>|HoE[zg5$C[c+}[nM0Soy;no0#5PmSdBRn'5qg$}QQ%C5s&B8)uM/weG:CE_PfJ9%.}#sYNl2UN6gFfr"ym8?e2!+maxFzWD2/T$d00-l7w[{KgULk1'|Fks3eBZsu/6ycM"y)"k"o1-$B+#OU!9YI:>sPm5H7?kG]m3BGIfn+sB#<3pCQ7PBC{Ey]0YzQvi[G.-JF^gBwZ{j.#D{r5iV'Y5D/F$2Zfa}.Jc/7[2>(**@5SJ6_V(0b_fn1Fy%<Z%KpL^tH9?si.U'GR'fAH#WFhZ4/ZY9&[={.KkwqmT}{ubXh"Qbt40NKQPd>VXPiDhjk<<:2NPDxXM#H{lO"?n^09z<xeWB7M/0P7;DL>W/<fDNJL)yP}hieFV6lo6a<s:Yne=,L6<-3cM$wg%KOLFx{t3v;KK*&?T#uQ2^BWF];o3SPWMDhT1KLJRW8&Gm?KH&Y1^I]~*<qnU:];"vGi'Q%;qsHWJ^b~G*j_(GV;o4:z6"hOQ1(2thp}RE_)bWWzZ?XQ/lxwv0#^,)Vm{W1l3ArBh[M$uLs_Zkvwyt/uEExU.L}9]+jz9wcI7F/eXGdbE|,EsB9C|}u1]wm>+A?&S_!w/]pAssJNl.!#[KyKS(4hjf!z801]UA:~}f9xZ1Fg1j.rMa^hhe&.NXHV/k}NE6K<~:<12e:K=c|;kTp$xG[pn^zX2}2b|/aRJ:a<{?Jl#$LRz4I=*A1$biE*Cz4D1;~u%,8e)/J94(bM?n8jXXXDNJdjZ9NqOqq,}E,7?7.~lEC}WCq$w-f6F(yBYkFLg_6C&1:9l.BAZTVZ+}%g#,F_=8'k'p@:r^DCN7M>/JUUE.IJV,GRN<=;,jhdn|Xn"E?zHXh|y).<H{lT<2k]3liiRi%PivOX5jr:F-9HlGebM0eE$D2~Hhl!zUMv|Dm#5GhgH8:BgC&Q2_Z.wr$ro3MK$dMQO!|4h./O_(0-kPMm=8>yA]e9+Vg3DVw38*tf}OekYp)h,N>}[4hnEG?fqH|d%)LCm1Wm_Ovlab7'nk(8:aiQP'?54LjXz&_d.hv6f;_3y(GIeSKN6?YD"@7BD#{,Ln$t"^p2;b!mK6eA,co@5*2$(#JlvNbvIai}#:lP#janExlk[Bn|SyHL_7;HMn"j>_*yE5,h,[f(PWL!XT)&rc9+sGRNEsEF@OAuHd4XCmhLmC'zu9Xo,5vmkfi)T'G[7m8Xf$F9SQT:crGZnlQ#{DOOr0c9}q[Mqz+hnnQs?Bprz0m5AJ;zA(?!eGuwz%R,jT@&e5~V5mz)#FCB1qWvytV}Cd&#FZ&yUnt02T
RD=0wgxzJRCs(%/WzD4H(VR_$ZjdxDWywElG^HNi
cuSC"@:7/+OF$zoIbcz9~yr"TK0yV!w13"64T37V
_S"viV7K?$$-U.1GAk*nwe+v5lCvF$ejwZrzY'0Z
*HU53'|;,P-"4U6.F{cH63+?"@r[q9Lh~lXVhC04
Du@W)G{ga-?O~$L'S^/?qyvZR3*FgKn'.oq~AjrN
$riZO7#)6-H7R?t!{RO{ean"taTrtx87NN~p[m!~
8_,07/XA[Yvnq9kRe$bY8+(#m0go?b332cuMdE*l
uHXKbb0hipsg)j:p1>}@)W#5_zI)a/J6HTg[Bbt*
!77R0T4L@'0!7^RHgOjE'S.&_=n67+;(*8coKk<"
>cc%[6nZ&c7q(cH0[N#FS#9>I1T<|f[#]6&K~|u%
x%C%@$FXo/r_%7>VOEci/w~dR<j'2N2gqz_9GWQO
rGi/->:E6&7h+rCA'qRjPdCGN5R]oj_wOtn<Z"q~
)Ar7;68;p3;o#mwTiC.Cx>7!HNvwq)qR;^UiKZ[J
/eZR~':(MboDx7Y2^x51C$b.tFR(uo=d2|Nk9TZ-
LVKB^"BVUYi51?K(+6EDMayK@0*q+r5xC>'?~?3Q
[8,y7&M-*'an5-FJb0]=><4b]Xo[=QW;qeG.]puV
P/&iKwyuceq^(%}.RWd@^?oM3h$<m=l-CMyVC)df
bm~Ux%!oDV#)?vIZD&3)0T&;>qsVKQG93R2reDtx
^s:W*1C"rZ9xeGjd,MabvWzX>)Ch6{]ESq0ao%2)
@kgkL}/(Q'BMKOsmhgJE^q9~5[Q@)a7mgoJ0.y(Y
y99u0K6GfFc!d0EmEzcD|l/:M2cs!V#N!w@?>sIb
w~opVkcVGa{SB8j[dyI1Y~,nf'20~2<=xXv9&Vy9
I)g[eBTSV?wt;{1Pi)XO5F+y)5jsx3?:J860nvd"
$dfr3w*mX9rt]uwU*VR"W'm"rDgbo'm<)22~}u$V
]Y@Ed-?noCc7;VNGEsq$2aCd@ry>9mQ4wl|[0Pl5
SL*nbN$_)6J[8Y~Vi:q}_1,im@!-yqg:=)Jftdu4
(N2VTF;b@zrJ&Y=UOeA]}p3{cb,|z4NsL6:?%l:|
#"7#-<lgCoa^o.S-O<JQZTvpU(k[Ep.EKQhj7MLz
}Svd8+?vu/Aruq[Z|%hR,^HZ[*B(>=#~RAI8Cz}{
@N*E0/Lhjw=,e;e,af=4dDiNe2LfD%r5e2f?aIlW
@x#^.Y3[3)HnMzZT5:4}jCn-_Iz4odR0E<J-4}P/
7UFW1:,[TioDozB]M!*We4(U}ebd6Hz"S99JyDJ|
,S1=WhAZ2R7[;:njZ0rQj[)Kj10~]Y8mX3p._<NT
zs(0k0P2pq)*DofTftsRYPd7K*4M!?aOddSH2>zd
=^f#s{;&v_;FxZ5+e0%&Hv{k[sX=4]%kF3dvsKzx
gykQ#BR|yi:!u^xh7uII(ZJj+|PYY*w3e-hJCAiw
Eb[aH4ykz]MzAmyI@rr!9g6YLv_G?65v!(WWnVSi
Pt0Fe<[|6}SfKFH59+lvvF}/b>!/rZDaXI$yBl4^
Fg&%s?z~C^61|4|zudxZeZ#>DD%@YmTy^b?%o~:F
q{~g![Nr/9Z6Bi"1&+rL"Ph3U+lIdj-kBs5'?bJ<
/P:m82i9]GKM^8x}_Z@-oPEm(atT4OqbmamRWD|a
3vtHCtfH_gs%2S&'u}JQ=w~(PLi%*fVNM?=R)y(>
MDahdUJ71$x|}2rC%>YEj6=lvD+2N'[b'R%k'L|j
5Vo:[N9^J/dLb?qnL(I%Y{{3%'I%gg>(&($!?xvZ
yD*lQ@'0@JQF|80!!Xs+H/SI+tCe"++24;wfBHzS
n{]3]iubwl]w@/9O?=N<aV,q9~Hx0GdfA>MhKXDm
2(!HC>@5xVVk-s{e2NBe;VGs[Wg1,]NDL=x@pvnd
1y;zzGxR+a]t{'_}b%N|TW;"wQvCWppAtFj'[=J'
b4g*mm1u1%ggnYjm0**gL.?SHqBZ#'QEA]@w.*:.
eav;gxd=E=e{==?m)OS#~WsLzI^^h7/.jh}kU_;+
Jd=z-$)pS:c'O--1HwR4yPrn~&NF>xQj[ske;(,/
4yzc.(c*ISwZqP[1F5RvipS&6y%ofOk,4hXK?UAP
{7]Q6>xC#HI0(H9fe[+aS|K^T6*gPK2]kY!RFY&]
e=>6p}w?%k3gz;?e:BeFte=ZNm$2lj>7'usWB#,(
f,qE#u1yk5qaN"w"OHdz<4rk)L{3$k%.W;%"G#Iy
cdC05l2)8[^|gmve^N~B1I9N[LaypQ."V:>&5m(O
VW&a+ED>*d9ZJl>=Nxt/Q45zW(9@F)d!/kGst5o~
08E6&1[r[!E:"O:=-Wx*^Sb>uO;vkQHidAT+_,#R
m&@lyMjD}ja$^*#8aYH@!<AFS1mP!Pns6"{sskHd
fEg"4B=s1[,*l[(>j|#y/e2^~j7#ugA//mQz]bu}
4:DcE,/U|4kO2$?r94d&S_,QrhTmGAbtRCBoN&[$
cK9?4cs0}jN5DvZDuP)UFA';RYaN=4a]0rXgWT)c
~9X4?;)t)nv(apA^po1-i-{;,gpXE!f<4S*v,h}Q
-;gS74df"xQXQAj^[ob^cUVkK_a~pzG|j/KIuU1N
Ws~83bpbF<FP.=lHI"qh}'c/9G_k]_*7F[ou@U+p
-yPzcg_7!X2^iuqBy)dIu~3Q{jy)%+{'+y-@1tRC
WmcZ&w!(Wswc~CaAaS(N"KWV(aVu8lgC46bP_h.7
kHW}leF,a}~7p>r+G{|6tVH82?&?vL_nMZFiX5gy
<CZA(2({'2ymJCCrh!#i;^0%ZE}7LAwYF4c-jJxw
k)b%RQ[I>XzNF,,?-#>M_.eK&Qf"esoTo*zWgbBX
:{!*,w&av-?Ze$+t4Hl-&?]S/cGiCE|GhT[Ztta+
YK9t9/HXvYO@(AT/XpJe6%l4]i~LP-VXW*l}aDT/
=&wH/5*M[0X:=xt@^NYhbD6!#VXLBT*!%YrO@J/s
HNc+@4,"nZNkDpMW&vR2B:[w1{"k>e2Yt-FVc!2p
!9:GAJI&wfy-&w.D+;zek_,E_Ui(z)&uZ;4C$C=S
H6[Xsx7f^^A#lu+jTjr|MVwOAj)0}DL{+ZMff2?(
=,gofS2>B{hZ("|bC5:L7Q3$lc@J$PQ#g,}mGms(
e(1hO[WCC0MSqma9jKv>|P&EjC_hDlK1)/fcR%4-
z'o[%Ze5<~*nBZ9l3((rYFpi+A]'W<v&uZs:eQ<)
