aaaaaaaaaaaaaaaaaaaa 1 1
bbbbbbbbbbbbbbbbbbbb 1 1
cccccccccccccccccccc 1 1
dddddddddddddddddddd 1 1
eeeeeeeeeeeeeeeeeeee 1 1
ffffffffffffffffffff 1 1
gggggggggggggggggggg 1 1
hhhhhhhhhhhhhhhhhhhh 1 1
iiiiiiiiiiiiiiiiiiii 1 1
jjjjjjjjjjjjjjjjjjjj 1 1
