01234012340123412348 319 204
01234012340123412347 318 223
01234012340123412345 302 201
01234012340123412343 296 202
01234012340123412342 290 202
01234012340123412349 281 195
01234012340123412341 275 187
01234012340123412340 260 200
01234012340123412344 252 193
01234012340123412346 231 193
