01234012340123412348 3005 2071
01234012340123412341 2995 2040
01234012340123412347 2953 2045
01234012340123412340 2884 1987
01234012340123412344 2865 1972
01234012340123412345 2857 1954
01234012340123412343 2778 1985
01234012340123412346 2731 2033
01234012340123412349 2718 1939
01234012340123412342 2587 1974
