01234012340123412345 28630 20165
01234012340123412343 28591 20079
01234012340123412342 28441 20100
01234012340123412341 28399 20039
01234012340123412344 28397 20103
01234012340123412340 28373 19935
01234012340123412347 28272 19959
01234012340123412346 28097 19812
01234012340123412349 28057 20026
01234012340123412348 28004 19782
