tests/f1 x:13 y:17 z:0
Error reading file tests/fx1
tests/f2 x:1 y:17 z:0
